{
  "ask": [],
  "callGraph": [],
  "engine": "interpreter",
  "env": {
    "message": "",
    "name": ""
  },
  "logs": [],
  "steps": [
    {
      "event": "make",
      "name": "message",
      "rawVerb": null,
      "value": "",
      "verb": "Make"
    },
    {
      "event": "choose",
      "predicateTrace": [
        {
          "expr": {
            "left": {
              "name": "name",
              "type": "Identifier"
            },
            "op": "==",
            "right": {
              "type": "String",
              "value": ""
            },
            "type": "Binary"
          },
          "value": true
        }
      ],
      "rawVerb": null,
      "selected": {
        "branch": 0,
        "kind": "when"
      },
      "verb": "Choose"
    },
    {
      "event": "return",
      "rawVerb": null,
      "value": "anonymous user",
      "verb": "Return"
    }
  ]
}
