{
  "ask": [],
  "callGraph": [],
  "engine": "interpreter",
  "env": {
    "score": 42
  },
  "logs": [],
  "steps": [
    {
      "event": "choose",
      "predicateTrace": [
        {
          "expr": {
            "left": {
              "name": "score",
              "type": "Identifier"
            },
            "op": ">=",
            "right": {
              "type": "Number",
              "value": 90
            },
            "type": "Binary"
          },
          "value": false
        }
      ],
      "rawVerb": null,
      "selected": null,
      "verb": "Choose"
    },
    {
      "event": "return",
      "rawVerb": null,
      "value": "fail",
      "verb": "Return"
    },
    {
      "event": "choose",
      "predicateTrace": [],
      "rawVerb": null,
      "selected": {
        "branch": 1,
        "kind": "otherwise"
      },
      "verb": "Choose"
    }
  ]
}
