{
  "ask": [],
  "callGraph": [],
  "engine": "interpreter",
  "env": {
    "score": 95
  },
  "logs": [],
  "overlaysLoaded": [
    "core"
  ],
  "steps": [
    {
      "capabilityCheck": "n/a",
      "event": "choose",
      "mappedVerb": "Choose",
      "overlayDomain": null,
      "overlayVersion": null,
      "predicateTrace": [
        {
          "expr": {
            "left": {
              "name": "score",
              "type": "Identifier"
            },
            "op": ">=",
            "right": {
              "type": "Number",
              "value": 90
            },
            "type": "Binary"
          },
          "value": true
        }
      ],
      "rawVerb": "Choose",
      "selected": {
        "branch": 0,
        "kind": "when"
      },
      "verb": "Choose"
    },
    {
      "capabilityCheck": "n/a",
      "event": "return",
      "mappedVerb": "Return",
      "overlayDomain": null,
      "overlayVersion": null,
      "rawVerb": "Return",
      "value": "pass",
      "verb": "Return"
    }
  ]
}
