{
  "ask": [],
  "callGraph": [],
  "engine": "interpreter",
  "env": {
    "title": "Sample",
    "xml": "<entry><title>Sample</title></entry>"
  },
  "logs": [],
  "overlaysLoaded": [
    "core"
  ],
  "steps": [
    {
      "capabilityCheck": "n/a",
      "event": "parse",
      "mappedVerb": "Call",
      "op": "xml.firstTitle",
      "overlayDomain": null,
      "overlayVersion": null,
      "rawVerb": "Call",
      "verb": "Call"
    },
    {
      "capabilityCheck": "n/a",
      "event": "return",
      "mappedVerb": "Return",
      "overlayDomain": null,
      "overlayVersion": null,
      "rawVerb": "Return",
      "value": "Sample",
      "verb": "Return"
    }
  ]
}
